MPLINK 5.08, LINKER
Linker Map File - Created Sun Sep 27 18:12:41 2020

                                 Section Info
                  Section       Type    Address   Location Size(Bytes)
                ---------  ---------  ---------  ---------  ---------
                   .org_0       code   0x000000    program   0x00006c
                   .cinit    romdata   0x000036    program   0x000004
.config_2007_BUILD/DEFAULT/PRODUCTION/CONTAR2       code   0x002007    program   0x000002
.config_2008_BUILD/DEFAULT/PRODUCTION/CONTAR2       code   0x002008    program   0x000002



                              Program Memory Usage 
                               Start         End      
                           ---------   ---------      
                            0x000000    0x000037      
                            0x002007    0x002008      
            58 out of 8455 program addresses used, program memory utilization is 0%



                              Symbols - Sorted by Name
                     Name    Address   Location    Storage File                     
                ---------  ---------  ---------  --------- ---------                
                  Display   0x000016    program     static C:\Users\Lenovo\Downloads\Contador2.X\Contar2.asm
                   Inicio   0x000001    program     static C:\Users\Lenovo\Downloads\Contador2.X\Contar2.asm
                    Paso1   0x000012    program     static C:\Users\Lenovo\Downloads\Contador2.X\Contar2.asm
                     Rep1   0x00002f    program     static C:\Users\Lenovo\Downloads\Contador2.X\Contar2.asm
                     Rep2   0x000031    program     static C:\Users\Lenovo\Downloads\Contador2.X\Contar2.asm
                  Retardo   0x00002d    program     static C:\Users\Lenovo\Downloads\Contador2.X\Contar2.asm
                    Tabla   0x000020    program     static C:\Users\Lenovo\Downloads\Contador2.X\Contar2.asm



                              Symbols - Sorted by Address
                     Name    Address   Location    Storage File                     
                ---------  ---------  ---------  --------- ---------                
                   Inicio   0x000001    program     static C:\Users\Lenovo\Downloads\Contador2.X\Contar2.asm
                    Paso1   0x000012    program     static C:\Users\Lenovo\Downloads\Contador2.X\Contar2.asm
                  Display   0x000016    program     static C:\Users\Lenovo\Downloads\Contador2.X\Contar2.asm
                    Tabla   0x000020    program     static C:\Users\Lenovo\Downloads\Contador2.X\Contar2.asm
                  Retardo   0x00002d    program     static C:\Users\Lenovo\Downloads\Contador2.X\Contar2.asm
                     Rep1   0x00002f    program     static C:\Users\Lenovo\Downloads\Contador2.X\Contar2.asm
                     Rep2   0x000031    program     static C:\Users\Lenovo\Downloads\Contador2.X\Contar2.asm


